Watching for file changes with StatReloader
/workspace/dicom_viewer/views.py changed, reloading.
Watching for file changes with StatReloader
/workspace/dicom_viewer/urls.py changed, reloading.
Watching for file changes with StatReloader
Watching for file changes with StatReloader
Watching for file changes with StatReloader
/workspace/noctis_pro/urls.py changed, reloading.
Watching for file changes with StatReloader
/workspace/noctis_pro/urls.py changed, reloading.
Watching for file changes with StatReloader
Watching for file changes with StatReloader
Watching for file changes with StatReloader
/workspace/dicom_viewer/urls.py changed, reloading.
Watching for file changes with StatReloader
/workspace/dicom_viewer/views.py changed, reloading.
Watching for file changes with StatReloader
Watching for file changes with StatReloader
/workspace/noctis_pro/settings.py changed, reloading.
Watching for file changes with StatReloader
/workspace/noctis_pro/settings.py changed, reloading.
Watching for file changes with StatReloader
Internal Server Error: /worklist/
Traceback (most recent call last):
  File "/home/ubuntu/.pyenv/versions/noctis-3.11/lib/python3.11/site-packages/django/urls/base.py", line 71, in reverse
    extra, resolver = resolver.namespace_dict[ns]
                      ~~~~~~~~~~~~~~~~~~~~~~~^^^^
KeyError: 'reports'

During handling of the above exception, another exception occurred:

Traceback (most recent call last):
  File "/home/ubuntu/.pyenv/versions/noctis-3.11/lib/python3.11/site-packages/django/core/handlers/exception.py", line 55, in inner
    response = get_response(request)
               ^^^^^^^^^^^^^^^^^^^^^
  File "/home/ubuntu/.pyenv/versions/noctis-3.11/lib/python3.11/site-packages/django/core/handlers/base.py", line 197, in _get_response
    response = wrapped_callback(request, *callback_args, **callback_kwargs)
               ^^^^^^^^^^^^^^^^^^^^^^^^^^^^^^^^^^^^^^^^^^^^^^^^^^^^^^^^^^^^
  File "/home/ubuntu/.pyenv/versions/noctis-3.11/lib/python3.11/site-packages/django/contrib/auth/decorators.py", line 23, in _wrapper_view
    return view_func(request, *args, **kwargs)
           ^^^^^^^^^^^^^^^^^^^^^^^^^^^^^^^^^^^
  File "/workspace/worklist/views.py", line 82, in dashboard
    return render(request, 'worklist/dashboard.html', context)
           ^^^^^^^^^^^^^^^^^^^^^^^^^^^^^^^^^^^^^^^^^^^^^^^^^^^
  File "/home/ubuntu/.pyenv/versions/noctis-3.11/lib/python3.11/site-packages/django/shortcuts.py", line 24, in render
    content = loader.render_to_string(template_name, context, request, using=using)
              ^^^^^^^^^^^^^^^^^^^^^^^^^^^^^^^^^^^^^^^^^^^^^^^^^^^^^^^^^^^^^^^^^^^^^
  File "/home/ubuntu/.pyenv/versions/noctis-3.11/lib/python3.11/site-packages/django/template/loader.py", line 62, in render_to_string
    return template.render(context, request)
           ^^^^^^^^^^^^^^^^^^^^^^^^^^^^^^^^^
  File "/home/ubuntu/.pyenv/versions/noctis-3.11/lib/python3.11/site-packages/django/template/backends/django.py", line 61, in render
    return self.template.render(context)
           ^^^^^^^^^^^^^^^^^^^^^^^^^^^^^
  File "/home/ubuntu/.pyenv/versions/noctis-3.11/lib/python3.11/site-packages/django/template/base.py", line 175, in render
    return self._render(context)
           ^^^^^^^^^^^^^^^^^^^^^
  File "/home/ubuntu/.pyenv/versions/noctis-3.11/lib/python3.11/site-packages/django/template/base.py", line 167, in _render
    return self.nodelist.render(context)
           ^^^^^^^^^^^^^^^^^^^^^^^^^^^^^
  File "/home/ubuntu/.pyenv/versions/noctis-3.11/lib/python3.11/site-packages/django/template/base.py", line 1005, in render
    return SafeString("".join([node.render_annotated(context) for node in self]))
                              ^^^^^^^^^^^^^^^^^^^^^^^^^^^^^^^^^^^^^^^^^^^^^^^^^
  File "/home/ubuntu/.pyenv/versions/noctis-3.11/lib/python3.11/site-packages/django/template/base.py", line 1005, in <listcomp>
    return SafeString("".join([node.render_annotated(context) for node in self]))
                               ^^^^^^^^^^^^^^^^^^^^^^^^^^^^^^
  File "/home/ubuntu/.pyenv/versions/noctis-3.11/lib/python3.11/site-packages/django/template/base.py", line 966, in render_annotated
    return self.render(context)
           ^^^^^^^^^^^^^^^^^^^^
  File "/home/ubuntu/.pyenv/versions/noctis-3.11/lib/python3.11/site-packages/django/template/loader_tags.py", line 157, in render
    return compiled_parent._render(context)
           ^^^^^^^^^^^^^^^^^^^^^^^^^^^^^^^^
  File "/home/ubuntu/.pyenv/versions/noctis-3.11/lib/python3.11/site-packages/django/template/base.py", line 167, in _render
    return self.nodelist.render(context)
           ^^^^^^^^^^^^^^^^^^^^^^^^^^^^^
  File "/home/ubuntu/.pyenv/versions/noctis-3.11/lib/python3.11/site-packages/django/template/base.py", line 1005, in render
    return SafeString("".join([node.render_annotated(context) for node in self]))
                              ^^^^^^^^^^^^^^^^^^^^^^^^^^^^^^^^^^^^^^^^^^^^^^^^^
  File "/home/ubuntu/.pyenv/versions/noctis-3.11/lib/python3.11/site-packages/django/template/base.py", line 1005, in <listcomp>
    return SafeString("".join([node.render_annotated(context) for node in self]))
                               ^^^^^^^^^^^^^^^^^^^^^^^^^^^^^^
  File "/home/ubuntu/.pyenv/versions/noctis-3.11/lib/python3.11/site-packages/django/template/base.py", line 966, in render_annotated
    return self.render(context)
           ^^^^^^^^^^^^^^^^^^^^
  File "/home/ubuntu/.pyenv/versions/noctis-3.11/lib/python3.11/site-packages/django/template/loader_tags.py", line 63, in render
    result = block.nodelist.render(context)
             ^^^^^^^^^^^^^^^^^^^^^^^^^^^^^^
  File "/home/ubuntu/.pyenv/versions/noctis-3.11/lib/python3.11/site-packages/django/template/base.py", line 1005, in render
    return SafeString("".join([node.render_annotated(context) for node in self]))
                              ^^^^^^^^^^^^^^^^^^^^^^^^^^^^^^^^^^^^^^^^^^^^^^^^^
  File "/home/ubuntu/.pyenv/versions/noctis-3.11/lib/python3.11/site-packages/django/template/base.py", line 1005, in <listcomp>
    return SafeString("".join([node.render_annotated(context) for node in self]))
                               ^^^^^^^^^^^^^^^^^^^^^^^^^^^^^^
  File "/home/ubuntu/.pyenv/versions/noctis-3.11/lib/python3.11/site-packages/django/template/base.py", line 966, in render_annotated
    return self.render(context)
           ^^^^^^^^^^^^^^^^^^^^
  File "/home/ubuntu/.pyenv/versions/noctis-3.11/lib/python3.11/site-packages/django/template/defaulttags.py", line 471, in render
    url = reverse(view_name, args=args, kwargs=kwargs, current_app=current_app)
          ^^^^^^^^^^^^^^^^^^^^^^^^^^^^^^^^^^^^^^^^^^^^^^^^^^^^^^^^^^^^^^^^^^^^^
  File "/home/ubuntu/.pyenv/versions/noctis-3.11/lib/python3.11/site-packages/django/urls/base.py", line 82, in reverse
    raise NoReverseMatch("%s is not a registered namespace" % key)
django.urls.exceptions.NoReverseMatch: 'reports' is not a registered namespace
Internal Server Error: /viewer/
Traceback (most recent call last):
  File "/home/ubuntu/.pyenv/versions/noctis-3.11/lib/python3.11/site-packages/django/core/handlers/exception.py", line 55, in inner
    response = get_response(request)
               ^^^^^^^^^^^^^^^^^^^^^
  File "/home/ubuntu/.pyenv/versions/noctis-3.11/lib/python3.11/site-packages/django/core/handlers/base.py", line 197, in _get_response
    response = wrapped_callback(request, *callback_args, **callback_kwargs)
               ^^^^^^^^^^^^^^^^^^^^^^^^^^^^^^^^^^^^^^^^^^^^^^^^^^^^^^^^^^^^
  File "/home/ubuntu/.pyenv/versions/noctis-3.11/lib/python3.11/site-packages/django/contrib/auth/decorators.py", line 23, in _wrapper_view
    return view_func(request, *args, **kwargs)
           ^^^^^^^^^^^^^^^^^^^^^^^^^^^^^^^^^^^
  File "/workspace/dicom_viewer/views.py", line 36, in viewer
    return render(request, 'dicom_viewer/viewer.html', context)
           ^^^^^^^^^^^^^^^^^^^^^^^^^^^^^^^^^^^^^^^^^^^^^^^^^^^^
  File "/home/ubuntu/.pyenv/versions/noctis-3.11/lib/python3.11/site-packages/django/shortcuts.py", line 24, in render
    content = loader.render_to_string(template_name, context, request, using=using)
              ^^^^^^^^^^^^^^^^^^^^^^^^^^^^^^^^^^^^^^^^^^^^^^^^^^^^^^^^^^^^^^^^^^^^^
  File "/home/ubuntu/.pyenv/versions/noctis-3.11/lib/python3.11/site-packages/django/template/loader.py", line 61, in render_to_string
    template = get_template(template_name, using=using)
               ^^^^^^^^^^^^^^^^^^^^^^^^^^^^^^^^^^^^^^^^
  File "/home/ubuntu/.pyenv/versions/noctis-3.11/lib/python3.11/site-packages/django/template/loader.py", line 19, in get_template
    raise TemplateDoesNotExist(template_name, chain=chain)
django.template.exceptions.TemplateDoesNotExist: dicom_viewer/viewer.html
Not Found: /accounts/profile/
/workspace/noctis_pro/settings.py changed, reloading.
Watching for file changes with StatReloader
/workspace/noctis_pro/urls.py changed, reloading.
Watching for file changes with StatReloader
/workspace/dicom_viewer/views.py changed, reloading.
Watching for file changes with StatReloader
/workspace/noctis_pro/settings.py changed, reloading.
Watching for file changes with StatReloader
/workspace/reports/views.py changed, reloading.
Watching for file changes with StatReloader
/workspace/dicom_viewer/urls.py changed, reloading.
Watching for file changes with StatReloader
/workspace/dicom_viewer/views.py changed, reloading.
Watching for file changes with StatReloader
/workspace/noctis_pro/__init__.py changed, reloading.
Watching for file changes with StatReloader
/workspace/ai_analysis/views.py changed, reloading.
Watching for file changes with StatReloader
/workspace/dicom_viewer/views.py changed, reloading.
Watching for file changes with StatReloader
/workspace/dicom_viewer/urls.py changed, reloading.
Watching for file changes with StatReloader
/workspace/dicom_viewer/views.py changed, reloading.
Watching for file changes with StatReloader
/workspace/dicom_viewer/views.py changed, reloading.
Watching for file changes with StatReloader
Not Found: /viewer/api/series/1/slices/
Not Found: /viewer/api/series/1/images/
Forbidden: /reports/export/pdf/1/
Forbidden: /reports/export/docx/1/
/workspace/dicom_viewer/views.py changed, reloading.
Watching for file changes with StatReloader
/workspace/dicom_viewer/urls.py changed, reloading.
Watching for file changes with StatReloader
/workspace/dicom_viewer/views.py changed, reloading.
Watching for file changes with StatReloader
Forbidden: /reports/export/docx/5/
/workspace/reports/views.py changed, reloading.
Watching for file changes with StatReloader
/workspace/noctis_pro/settings.py changed, reloading.
Watching for file changes with StatReloader
Forbidden: /reports/
Forbidden: /reports/export/pdf/1/
Not Found: /viewer/api/series/1/slices/
Not Found: /viewer/api/series/1/images/
Bad Request: /viewer/print/package/
Bad Request: /viewer/export/images/
Internal Server Error: /ai/
Traceback (most recent call last):
  File "/home/ubuntu/.pyenv/versions/noctis-3.11/lib/python3.11/site-packages/django/core/handlers/exception.py", line 55, in inner
    response = get_response(request)
               ^^^^^^^^^^^^^^^^^^^^^
  File "/home/ubuntu/.pyenv/versions/noctis-3.11/lib/python3.11/site-packages/django/core/handlers/base.py", line 197, in _get_response
    response = wrapped_callback(request, *callback_args, **callback_kwargs)
               ^^^^^^^^^^^^^^^^^^^^^^^^^^^^^^^^^^^^^^^^^^^^^^^^^^^^^^^^^^^^
  File "/home/ubuntu/.pyenv/versions/noctis-3.11/lib/python3.11/site-packages/django/contrib/auth/decorators.py", line 23, in _wrapper_view
    return view_func(request, *args, **kwargs)
           ^^^^^^^^^^^^^^^^^^^^^^^^^^^^^^^^^^^
  File "/workspace/ai_analysis/views.py", line 79, in ai_dashboard
    return render(request, 'ai_analysis/dashboard.html', context)
           ^^^^^^^^^^^^^^^^^^^^^^^^^^^^^^^^^^^^^^^^^^^^^^^^^^^^^^
  File "/home/ubuntu/.pyenv/versions/noctis-3.11/lib/python3.11/site-packages/django/shortcuts.py", line 24, in render
    content = loader.render_to_string(template_name, context, request, using=using)
              ^^^^^^^^^^^^^^^^^^^^^^^^^^^^^^^^^^^^^^^^^^^^^^^^^^^^^^^^^^^^^^^^^^^^^
  File "/home/ubuntu/.pyenv/versions/noctis-3.11/lib/python3.11/site-packages/django/template/loader.py", line 61, in render_to_string
    template = get_template(template_name, using=using)
               ^^^^^^^^^^^^^^^^^^^^^^^^^^^^^^^^^^^^^^^^
  File "/home/ubuntu/.pyenv/versions/noctis-3.11/lib/python3.11/site-packages/django/template/loader.py", line 19, in get_template
    raise TemplateDoesNotExist(template_name, chain=chain)
django.template.exceptions.TemplateDoesNotExist: ai_analysis/dashboard.html
